InvalidArgument
InvalidArgument
400(400)
100(100)
