front & popFront check:

1.1 , 2.2
2.1 , 4.2
3.1 , 6.2
4.1 , 8.2
5.1 , 10.2
6.1 , 12.2
7.1 , 14.2
8.1 , 16.2
9.1 , 18.2
EmptyQueue
EmptyQueue
EmptyQueue
EmptyQueue
EmptyQueue
EmptyQueue

Queue<HealthPoints> check:

InvalidArgument
InvalidArgument
100(100) , 700(700)
200(200) , 600(600)
300(300) , 500(500)
400(400) , 400(400)
500(500) , 300(300)
EmptyQueue
EmptyQueue
100(100) , 200(200) , 300(300) , 400(400) , 500(500) , 
100(100) , 200(200) , 300(300) , 400(400) , 500(500) , 
100(100) , 200(200) , 200(300) , 300(400) , 400(500) , 
0(100) , 0(200) , 0(300) , 0(400) , 0(500) , 
100(100) , 200(200) , 300(300) , 400(400) , 500(500) , 
100(100) , 200(200) , 200(300) , 

100(100) , 300(400) , 400(500) , 